===========================================
MAP08
===========================================

Time: 1:15 (par: 2:00)

Player 1 (Green):
	Kills: 44 / 142 (30%)
	Items: 3 / 5 (60%)
	Secrets: 0 / 7 (0%)

