===========================================
MAP27
===========================================

Time: 0:49 (par: 5:30)

Player 1 (Green):
	Kills: 9 / 79 (11%)
	Items: 2 / 16 (12%)
	Secrets: 0 / 3 (0%)

