===========================================
MAP21
===========================================

Time: 1:17 (par: 4:00)

Player 1 (Green):
	Kills: 87 / 85 (102%)
	Items: 2 / 3 (66%)
	Secrets: 0

