===========================================
MAP28
===========================================

Time: 2:15 (par: 7:00)

Player 1 (Green):
	Kills: 33 / 111 (29%)
	Items: 9 / 25 (36%)
	Secrets: 3 / 7 (42%)

