===========================================
E2M6
===========================================

Time: 8:37 (par: 6:00)

Player 1 (Green):
	Kills: 141 / 111 (127%)
	Items: 21 / 31 (67%)
	Secrets: 3 / 3 (100%)

