===========================================
E2M5
===========================================

Time: 2:02 (par: 1:30)

Player 1 (Green):
	Kills: 31 / 112 (27%)
	Items: 0 / 40 (0%)
	Secrets: 5 / 10 (50%)

