===========================================
MAP13
===========================================

Time: 0:40 (par: 2:30)

Player 1 (Green):
	Kills: 16 / 65 (24%)
	Items: 0 / 2 (0%)
	Secrets: 0 / 1 (0%)

