===========================================
MAP18
===========================================

Time: 4:29 (par: 2:30)

Player 1 (Green):
	Kills: 185 / 178 (103%)
	Items: 91 / 182 (50%)
	Secrets: 4 / 4 (100%)

