===========================================
E3M4
===========================================

Time: 0:57 (par: 2:30)

Player 1 (Green):
	Kills: 16 / 140 (11%)
	Items: 1 / 48 (2%)
	Secrets: 0 / 4 (0%)

