===========================================
MAP19
===========================================

Time: 1:19 (par: 3:30)

Player 1 (Green):
	Kills: 51 / 116 (43%)
	Items: 2 / 2 (100%)
	Secrets: 1 / 1 (100%)

