===========================================
MAP32
===========================================

Time: 6:43 (par: 0:30)

Player 1 (Green):
	Kills: 243 / 206 (117%)
	Items: 9 / 9 (100%)
	Secrets: 2 / 2 (100%)

