===========================================
MAP25
===========================================

Time: 3:07 (par: 2:30)

Player 1 (Green):
	Kills: 101 / 100 (101%)
	Items: 2 / 2 (100%)
	Secrets: 2 / 2 (100%)

