===========================================
E1M6
===========================================

Time: 2:36 (par: 3:00)

Player 1 (Green):
	Kills: 117 / 177 (66%)
	Items: 41 / 113 (36%)
	Secrets: 3 / 4 (75%)

