===========================================
MAP01
===========================================

Time: 3:47 (par: 0:30)

Player 1 (Green):
	Kills: 51 / 46 (110%)
	Items: 0
	Secrets: 1 / 1 (100%)

===========================================
MAP02
===========================================

Time: 3:19 (par: 1:30)

Player 1 (Green):
	Kills: 54 / 54 (100%)
	Items: 1 / 28 (3%)
	Secrets: 0

===========================================
MAP03
===========================================

Time: 5:09 (par: 2:00)

Player 1 (Green):
	Kills: 53 / 52 (101%)
	Items: 11 / 11 (100%)
	Secrets: 1 / 1 (100%)

===========================================
MAP04
===========================================

Time: 6:01 (par: 2:00)

Player 1 (Green):
	Kills: 64 / 64 (100%)
	Items: 29 / 30 (96%)
	Secrets: 4 / 4 (100%)

===========================================
MAP05
===========================================

Time: 6:17 (par: 1:30)

Player 1 (Green):
	Kills: 70 / 70 (100%)
	Items: 23 / 23 (100%)
	Secrets: 1 / 1 (100%)

===========================================
MAP06
===========================================

Time: 6:07 (par: 2:30)

Player 1 (Green):
	Kills: 60 / 60 (100%)
	Items: 4 / 4 (100%)
	Secrets: 6 / 6 (100%)

===========================================
MAP07
===========================================

Time: 2:51 (par: 2:00)

Player 1 (Green):
	Kills: 34 / 34 (100%)
	Items: 1 / 1 (100%)
	Secrets: 1 / 1 (100%)

===========================================
MAP08
===========================================

Time: 6:28 (par: 2:00)

Player 1 (Green):
	Kills: 87 / 85 (102%)
	Items: 40 / 48 (83%)
	Secrets: 1 / 1 (100%)

===========================================
MAP09
===========================================

Time: 9:29 (par: 4:30)

Player 1 (Green):
	Kills: 168 / 168 (100%)
	Items: 3 / 4 (75%)
	Secrets: 2 / 2 (100%)

===========================================
MAP10
===========================================

Time: 8:06 (par: 1:30)

Player 1 (Green):
	Kills: 107 / 91 (117%)
	Items: 2 / 2 (100%)
	Secrets: 3 / 3 (100%)

