===========================================
MAP08
===========================================

Time: 5:46 (par: 2:00)

Player 1 (Green):
	Kills: 85 / 85 (100%)
	Items: 25 / 48 (52%)
	Secrets: 1 / 1 (100%)

