===========================================
MAP23
===========================================

Time: 6:44 (par: 3:00)

Player 1 (Green):
	Kills: 196 / 196 (100%)
	Items: 65 / 96 (67%)
	Secrets: 5 / 5 (100%)

