===========================================
MAP09
===========================================

Time: 1:21 (par: 4:30)

Player 1 (Green):
	Kills: 37 / 168 (22%)
	Items: 4 / 4 (100%)
	Secrets: 1 / 2 (50%)

