===========================================
E2M6
===========================================

Time: 8:08 (par: 6:00)

Player 1 (Green):
	Kills: 120 / 111 (108%)
	Items: 20 / 31 (64%)
	Secrets: 3 / 3 (100%)

