===========================================
MAP13
===========================================

Time: 0:41 (par: 2:30)

Player 1 (Green):
	Kills: 17 / 65 (26%)
	Items: 0 / 2 (0%)
	Secrets: 0 / 1 (0%)

