===========================================
MAP26
===========================================

Time: 5:48 (par: 5:00)

Player 1 (Green):
	Kills: 97 / 72 (134%)
	Items: 47 / 58 (81%)
	Secrets: 4 / 4 (100%)

