===========================================
MAP18
===========================================

Time: 1:34 (par: 2:30)

Player 1 (Green):
	Kills: 51 / 178 (28%)
	Items: 66 / 182 (36%)
	Secrets: 0 / 4 (0%)

