===========================================
MAP21
===========================================

Time: 2:19 (par: 4:00)

Player 1 (Green):
	Kills: 87 / 85 (102%)
	Items: 3 / 3 (100%)
	Secrets: 0

