===========================================
E1M3 / MAP03
===========================================

Time: 1:35 (par: 2:00)

Player 1 (Green):
	Kills: 19 / 52 (36%)
	Items: 0 / 11 (0%)
	Secrets: 0 / 1 (0%)

