===========================================
MAP24
===========================================

Time: 3:17 (par: 2:30)

Player 1 (Green):
	Kills: 72 / 66 (109%)
	Items: 15 / 15 (100%)
	Secrets: 7 / 7 (100%)

