===========================================
MAP08
===========================================

Time: 4:27 (par: 2:00)

Player 1 (Green):
	Kills: 86 / 85 (101%)
	Items: 30 / 48 (62%)
	Secrets: 1 / 1 (100%)

