===========================================
MAP32
===========================================

Time: 4:41 (par: 0:30)

Player 1 (Green):
	Kills: 238 / 206 (115%)
	Items: 9 / 9 (100%)
	Secrets: 2 / 2 (100%)

