===========================================
MAP21
===========================================

Time: 3:47 (par: 4:00)

Player 1 (Green):
	Kills: 86 / 85 (101%)
	Items: 3 / 3 (100%)
	Secrets: 0

