===========================================
E2M9
===========================================

Time: 3:20 (par: 2:50)

Player 1 (Green):
	Kills: 18 / 14 (128%)
	Items: 2 / 2 (100%)
	Secrets: 1 / 1 (100%)

