===========================================
MAP32
===========================================

Time: 9:09 (par: 0:30)

Player 1 (Green):
	Kills: 247 / 206 (119%)
	Items: 9 / 9 (100%)
	Secrets: 2 / 2 (100%)

