===========================================
MAP32
===========================================

Time: 5:25 (par: 0:30)

Player 1 (Green):
	Kills: 230 / 206 (111%)
	Items: 9 / 9 (100%)
	Secrets: 2 / 2 (100%)

