===========================================
MAP19
===========================================

Time: 1:27 (par: 3:30)

Player 1 (Green):
	Kills: 37 / 116 (31%)
	Items: 2 / 2 (100%)
	Secrets: 1 / 1 (100%)

