===========================================
MAP10
===========================================

Time: 2:59 (par: 1:30)

Player 1 (Green):
	Kills: 101 / 91 (110%)
	Items: 2 / 2 (100%)
	Secrets: 3 / 3 (100%)

