===========================================
MAP21
===========================================

Time: 2:35 (par: 4:00)

Player 1 (Green):
	Kills: 100 / 85 (117%)
	Items: 2 / 3 (66%)
	Secrets: 0

