===========================================
E1M1 / MAP01
===========================================

Time: 1:07 (par: 0:30)

Player 1 (Green):
	Kills: 24 / 27 (88%)
	Items: 8 / 9 (88%)
	Secrets: 5 / 5 (100%)

