===========================================
MAP21
===========================================

Time: 0:42 (par: 4:00)

Player 1 (Green):
	Kills: 48 / 85 (56%)
	Items: 2 / 3 (66%)
	Secrets: 0

