===========================================
MAP32
===========================================

Time: 2:25 (par: 0:30)

Player 1 (Green):
	Kills: 178 / 206 (86%)
	Items: 6 / 9 (66%)
	Secrets: 2 / 2 (100%)

