===========================================
MAP21
===========================================

Time: 0:53 (par: 4:00)

Player 1 (Green):
	Kills: 37 / 124 (29%)
	Items: 7 / 18 (38%)
	Secrets: 0

===========================================
MAP22
===========================================

Time: 0:51 (par: 2:30)

Player 1 (Green):
	Kills: 30 / 56 (53%)
	Items: 1 / 7 (14%)
	Secrets: 3 / 3 (100%)

===========================================
MAP23
===========================================

Time: 1:02 (par: 3:00)

Player 1 (Green):
	Kills: 20 / 106 (18%)
	Items: 7 / 22 (31%)
	Secrets: 1 / 2 (50%)

===========================================
MAP24
===========================================

Time: 1:00 (par: 2:30)

Player 1 (Green):
	Kills: 6 / 151 (3%)
	Items: 0 / 49 (0%)
	Secrets: 0 / 4 (0%)

===========================================
MAP25
===========================================

Time: 0:58 (par: 2:30)

Player 1 (Green):
	Kills: 40 / 100 (40%)
	Items: 1 / 2 (50%)
	Secrets: 1 / 2 (50%)

===========================================
MAP26
===========================================

Time: 0:49 (par: 5:00)

Player 1 (Green):
	Kills: 31 / 72 (43%)
	Items: 8 / 58 (13%)
	Secrets: 0 / 4 (0%)

===========================================
MAP27
===========================================

Time: 0:38 (par: 5:30)

Player 1 (Green):
	Kills: 5 / 163 (3%)
	Items: 7 / 93 (7%)
	Secrets: 0 / 8 (0%)

===========================================
MAP28
===========================================

Time: 0:54 (par: 7:00)

Player 1 (Green):
	Kills: 28 / 111 (25%)
	Items: 3 / 25 (12%)
	Secrets: 0 / 7 (0%)

===========================================
MAP29
===========================================

Time: 2:40 (par: 5:00)

Player 1 (Green):
	Kills: 61 / 107 (57%)
	Items: 21 / 25 (84%)
	Secrets: 0

===========================================
MAP30
===========================================

Time: 1:21 (par: 3:00)

Player 1 (Green):
	Kills: 8 / 1 (800%)
	Items: 3 / 6 (50%)
	Secrets: 0

