===========================================
E1M2
===========================================

Time: 0:25 (par: 1:15)

Player 1 (Green):
	Kills: 1 / 79 (1%)
	Items: 2 / 42 (4%)
	Secrets: 0 / 6 (0%)
Player 2 (Indigo):
	Kills: 5 / 79 (6%)
	Items: 0 / 42 (0%)
	Secrets: 0 / 6 (0%)
Frags:
		Green	Indigo	
		-------------------------------- VICTIMS
	Green	|0	0	
	Indigo	|0	0	
		|
	     KILLERS

