===========================================
MAP09
===========================================

Time: 3:46 (par: 4:30)

Player 1 (Green):
	Kills: 181 / 168 (107%)
	Items: 2 / 4 (50%)
	Secrets: 2 / 2 (100%)

