===========================================
MAP09
===========================================

Time: 2:33 (par: 4:30)

Player 1 (Green):
	Kills: 105 / 205 (51%)
	Items: 16 / 47 (34%)
	Secrets: 2 / 6 (33%)

