===========================================
MAP24
===========================================

Time: 3:35 (par: 2:30)

Player 1 (Green):
	Kills: 70 / 66 (106%)
	Items: 15 / 15 (100%)
	Secrets: 7 / 7 (100%)

