===========================================
MAP27
===========================================

Time: 2:36 (par: 5:30)

Player 1 (Green):
	Kills: 79 / 79 (100%)
	Items: 8 / 16 (50%)
	Secrets: 3 / 3 (100%)

