===========================================
MAP01
===========================================

Time: 0:52 (par: 0:30)

Player 1 (Green):
	Kills: 27 / 27 (100%)
	Items: 6 / 9 (66%)
	Secrets: 5 / 5 (100%)

===========================================
MAP02
===========================================

Time: 1:25 (par: 1:30)

Player 1 (Green):
	Kills: 90 / 90 (100%)
	Items: 9 / 20 (45%)
	Secrets: 1 / 1 (100%)

===========================================
MAP03
===========================================

Time: 1:34 (par: 2:00)

Player 1 (Green):
	Kills: 78 / 78 (100%)
	Items: 2 / 9 (22%)
	Secrets: 1 / 1 (100%)

===========================================
MAP04
===========================================

Time: 1:11 (par: 2:00)

Player 1 (Green):
	Kills: 55 / 55 (100%)
	Items: 17 / 34 (50%)
	Secrets: 3 / 3 (100%)

===========================================
MAP05
===========================================

Time: 2:56 (par: 1:30)

Player 1 (Green):
	Kills: 118 / 118 (100%)
	Items: 3 / 3 (100%)
	Secrets: 3 / 3 (100%)

===========================================
MAP06
===========================================

Time: 3:08 (par: 2:30)

Player 1 (Green):
	Kills: 112 / 112 (100%)
	Items: 6 / 17 (35%)
	Secrets: 3 / 3 (100%)

===========================================
MAP07
===========================================

Time: 1:34 (par: 2:00)

Player 1 (Green):
	Kills: 19 / 19 (100%)
	Items: 2 / 6 (33%)
	Secrets: 1 / 1 (100%)

===========================================
MAP08
===========================================

Time: 3:20 (par: 2:00)

Player 1 (Green):
	Kills: 142 / 142 (100%)
	Items: 4 / 5 (80%)
	Secrets: 7 / 7 (100%)

===========================================
MAP09
===========================================

Time: 5:18 (par: 4:30)

Player 1 (Green):
	Kills: 205 / 205 (100%)
	Items: 26 / 47 (55%)
	Secrets: 6 / 6 (100%)

===========================================
MAP10
===========================================

Time: 6:35 (par: 1:30)

Player 1 (Green):
	Kills: 261 / 261 (100%)
	Items: 74 / 100 (74%)
	Secrets: 18 / 18 (100%)

===========================================
MAP11
===========================================

Time: 3:43 (par: 3:30)

Player 1 (Green):
	Kills: 71 / 71 (100%)
	Items: 14 / 21 (66%)
	Secrets: 3 / 3 (100%)

===========================================
MAP12
===========================================

Time: 5:01 (par: 2:30)

Player 1 (Green):
	Kills: 100 / 100 (100%)
	Items: 3 / 5 (60%)
	Secrets: 4 / 4 (100%)

===========================================
MAP13
===========================================

Time: 5:42 (par: 2:30)

Player 1 (Green):
	Kills: 110 / 110 (100%)
	Items: 21 / 61 (34%)
	Secrets: 8 / 8 (100%)

===========================================
MAP14
===========================================

Time: 3:08 (par: 2:30)

Player 1 (Green):
	Kills: 83 / 78 (106%)
	Items: 1 / 2 (50%)
	Secrets: 0

===========================================
MAP15
===========================================

Time: 7:23 (par: 3:30)

Player 1 (Green):
	Kills: 168 / 168 (100%)
	Items: 7 / 8 (87%)
	Secrets: 10 / 11 (90%)

===========================================
MAP31
===========================================

Time: 3:00 (par: 2:00)

Player 1 (Green):
	Kills: 149 / 149 (100%)
	Items: 12 / 64 (18%)
	Secrets: 4 / 4 (100%)

===========================================
MAP32
===========================================

Time: 1:08 (par: 0:30)

Player 1 (Green):
	Kills: 33 / 33 (100%)
	Items: 3 / 3 (100%)
	Secrets: 6 / 6 (100%)

===========================================
MAP16
===========================================

Time: 3:59 (par: 2:30)

Player 1 (Green):
	Kills: 161 / 161 (100%)
	Items: 5 / 5 (100%)
	Secrets: 4 / 4 (100%)

===========================================
MAP17
===========================================

Time: 5:14 (par: 7:00)

Player 1 (Green):
	Kills: 125 / 125 (100%)
	Items: 95 / 112 (84%)
	Secrets: 3 / 3 (100%)

===========================================
MAP18
===========================================

Time: 3:59 (par: 2:30)

Player 1 (Green):
	Kills: 178 / 178 (100%)
	Items: 83 / 182 (45%)
	Secrets: 4 / 4 (100%)

===========================================
MAP19
===========================================

Time: 5:24 (par: 3:30)

Player 1 (Green):
	Kills: 198 / 198 (100%)
	Items: 31 / 58 (53%)
	Secrets: 9 / 9 (100%)

===========================================
MAP20
===========================================

Time: 5:22 (par: 2:30)

Player 1 (Green):
	Kills: 72 / 71 (101%)
	Items: 31 / 45 (68%)
	Secrets: 7 / 7 (100%)

===========================================
MAP21
===========================================

Time: 2:56 (par: 4:00)

Player 1 (Green):
	Kills: 124 / 124 (100%)
	Items: 10 / 18 (55%)
	Secrets: 0

===========================================
MAP22
===========================================

Time: 2:00 (par: 2:30)

Player 1 (Green):
	Kills: 56 / 56 (100%)
	Items: 2 / 7 (28%)
	Secrets: 3 / 3 (100%)

===========================================
MAP23
===========================================

Time: 4:30 (par: 3:00)

Player 1 (Green):
	Kills: 108 / 106 (101%)
	Items: 14 / 22 (63%)
	Secrets: 2 / 2 (100%)

===========================================
MAP24
===========================================

Time: 6:39 (par: 2:30)

Player 1 (Green):
	Kills: 151 / 151 (100%)
	Items: 33 / 49 (67%)
	Secrets: 4 / 4 (100%)

===========================================
MAP25
===========================================

Time: 2:37 (par: 2:30)

Player 1 (Green):
	Kills: 100 / 100 (100%)
	Items: 1 / 2 (50%)
	Secrets: 2 / 2 (100%)

===========================================
MAP26
===========================================

Time: 4:42 (par: 5:00)

Player 1 (Green):
	Kills: 72 / 72 (100%)
	Items: 42 / 58 (72%)
	Secrets: 4 / 4 (100%)

===========================================
MAP27
===========================================

Time: 5:43 (par: 5:30)

Player 1 (Green):
	Kills: 163 / 163 (100%)
	Items: 71 / 93 (76%)
	Secrets: 7 / 8 (87%)

===========================================
MAP28
===========================================

Time: 4:12 (par: 7:00)

Player 1 (Green):
	Kills: 111 / 111 (100%)
	Items: 23 / 25 (92%)
	Secrets: 7 / 7 (100%)

===========================================
MAP29
===========================================

Time: 5:06 (par: 5:00)

Player 1 (Green):
	Kills: 107 / 107 (100%)
	Items: 23 / 25 (92%)
	Secrets: 0

===========================================
MAP30
===========================================

Time: 1:10 (par: 3:00)

Player 1 (Green):
	Kills: 11 / 1 (1100%)
	Items: 2 / 6 (33%)
	Secrets: 0

