===========================================
MAP32
===========================================

Time: 2:40 (par: 0:30)

Player 1 (Green):
	Kills: 222 / 206 (107%)
	Items: 8 / 9 (88%)
	Secrets: 2 / 2 (100%)

