===========================================
MAP25
===========================================

Time: 4:34 (par: 2:30)

Player 1 (Green):
	Kills: 108 / 108 (100%)
	Items: 40 / 60 (66%)
	Secrets: 1 / 1 (100%)

