===========================================
E1M3 / MAP03
===========================================

Time: 6:46 (par: 2:00)

Player 1 (Green):
	Kills: 52 / 52 (100%)
	Items: 11 / 11 (100%)
	Secrets: 1 / 1 (100%)

