===========================================
E1M5
===========================================

Time: 3:14 (par: 2:45)

Player 1 (Green):
	Kills: 135 / 131 (103%)
	Items: 19 / 29 (65%)
	Secrets: 6 / 9 (66%)

